---
source: crates/circuit-core/tests/spice.rs
expression: "circuit_text(&demo_circuit(&reg), &reg)"
---
C1 cap_film [b3] capacitance=22nF 1:N_A 2:N_OUT
C2 cap_film [b3] capacitance=12nF 1:N_B 2:GND
R1 resistor_th [b3] resistance=10kΩ 1:N_IN 2:N_A
R2 resistor_th [b3] resistance=10kΩ 1:N_A 2:N_B
U1 opamp_tl072 [b3] OUT_A:N_OUT INM_A:N_OUT INP_A:N_B VEE:VEE INP_B:- INM_B:- OUT_B:- VCC:VCC
V1 vsource_dc [b1] voltage=12V P:VCC N:GND
V2 vsource_dc [b1] voltage=12V P:GND N:VEE
V3 vsource_sine [b2] amplitude=1V frequency=1kHz offset=0V P:N_IN N:GND
NETS VCC:power(12V) GND:ground VEE:power(-12V)
